\BOOKMARK [0][-]{chapter.1}{\376\377\000I\000n\000t\000r\000o\000d\000u\000z\000i\000o\000n\000e}{}% 1
\BOOKMARK [0][-]{chapter.2}{\376\377\000B\000a\000c\000k\000g\000r\000o\000u\000n\000d\000\040\000e\000\040\000l\000a\000v\000o\000r\000i\000\040\000c\000o\000r\000r\000e\000l\000a\000t\000i}{}% 2
\BOOKMARK [1][-]{section.2.1}{\376\377\000I\000l\000\040\000c\000a\000s\000o\000\040\000d\000i\000\040\000s\000t\000u\000d\000i\000o\000,\000\040\000P\000s\000y\000C\000o\000M\000a\000r\000k}{chapter.2}% 3
\BOOKMARK [1][-]{section.2.2}{\376\377\000U\000n\000i\000t\000i\000z\000i\000n\000g\000\040\000c\000o\000n\000\040\000o\000v\000e\000r\000l\000a\000p\000,\000\040\000u\000n\000a\000\040\000d\000i\000f\000f\000i\000c\000o\000l\000t\000\340\000\040\000c\000o\000n\000d\000i\000v\000i\000s\000a\000\040\000d\000a\000\040\000m\000o\000l\000t\000i\000\040\000t\000a\000s\000k}{chapter.2}% 4
\BOOKMARK [1][-]{section.2.3}{\376\377\000M\000i\000s\000u\000r\000a\000r\000e\000\040\000l\000'\000a\000c\000c\000o\000r\000d\000o\000\040\000q\000u\000a\000n\000d\000o\000\040\000l\000e\000\040\000u\000n\000i\000t\000\340\000\040\000n\000o\000n\000\040\000s\000o\000n\000o\000\040\000d\000a\000t\000e}{chapter.2}% 5
\BOOKMARK [1][-]{section.2.4}{\376\377\000G\000l\000i\000\040\000s\000t\000r\000u\000m\000e\000n\000t\000i\000\040\000d\000i\000\040\000a\000n\000n\000o\000t\000a\000z\000i\000o\000n\000e\000\040\000e\000s\000i\000s\000t\000e\000n\000t\000i}{chapter.2}% 6
\BOOKMARK [1][-]{section.2.5}{\376\377\000C\000o\000n\000t\000r\000o\000l\000l\000o\000\040\000d\000e\000l\000l\000a\000\040\000q\000u\000a\000l\000i\000t\000\340\000\040\000n\000e\000l\000\040\000c\000r\000o\000w\000d\000s\000o\000u\000r\000c\000i\000n\000g}{chapter.2}% 7
\BOOKMARK [1][-]{section.2.6}{\376\377\000C\000h\000e\000\040\000c\000o\000s\000a\000\040\000m\000a\000n\000c\000a}{chapter.2}% 8
\BOOKMARK [0][-]{chapter.3}{\376\377\000D\000a\000t\000i\000,\000\040\000M\000a\000t\000e\000r\000i\000a\000l\000i\000\040\000e\000\040\000D\000e\000f\000i\000n\000i\000z\000i\000o\000n\000i}{}% 9
\BOOKMARK [1][-]{section.3.1}{\376\377\000I\000l\000\040\000p\000r\000o\000g\000e\000t\000t\000o\000\040\000c\000o\000m\000e\000\040\000u\000n\000i\000t\000\340\000\040\000d\000i\000\040\000c\000o\000n\000f\000i\000g\000u\000r\000a\000z\000i\000o\000n\000e}{chapter.3}% 10
\BOOKMARK [1][-]{section.3.2}{\376\377\000F\000o\000r\000m\000a\000l\000i\000z\000z\000a\000z\000i\000o\000n\000e\000\040\000d\000e\000l\000\040\000t\000a\000s\000k\000\040\000d\000i\000\040\000a\000n\000n\000o\000t\000a\000z\000i\000o\000n\000e}{chapter.3}% 11
\BOOKMARK [1][-]{section.3.3}{\376\377\000L\000o\000\040\000s\000c\000h\000e\000m\000a\000\040\000d\000i\000\040\000a\000n\000n\000o\000t\000a\000z\000i\000o\000n\000e}{chapter.3}% 12
\BOOKMARK [1][-]{section.3.4}{\376\377\000F\000o\000r\000m\000a\000t\000o\000\040\000d\000e\000l\000\040\000d\000a\000t\000a\000s\000e\000t}{chapter.3}% 13
\BOOKMARK [1][-]{section.3.5}{\376\377\000L\000e\000\040\000g\000o\000l\000d\000\040\000u\000n\000i\000t}{chapter.3}% 14
\BOOKMARK [1][-]{section.3.6}{\376\377\000A\000n\000n\000o\000t\000a\000t\000o\000r\000e\000\040\000e\000\040\000p\000a\000r\000t\000e\000c\000i\000p\000a\000z\000i\000o\000n\000e\000\040\000a\000l\000\040\000p\000r\000o\000g\000e\000t\000t\000o}{chapter.3}% 15
\BOOKMARK [0][-]{chapter.4}{\376\377\000M\000e\000t\000o\000d\000i}{}% 16
\BOOKMARK [1][-]{section.4.1}{\376\377\000L\000'\000i\000n\000t\000e\000r\000a\000z\000i\000o\000n\000e\000\040\000d\000i\000\040\000a\000n\000n\000o\000t\000a\000z\000i\000o\000n\000e}{chapter.4}% 17
\BOOKMARK [1][-]{section.4.2}{\376\377\000L\000'\000i\000n\000g\000r\000e\000s\000s\000o\000\040\000n\000e\000l\000\040\000p\000r\000o\000g\000e\000t\000t\000o}{chapter.4}% 18
\BOOKMARK [1][-]{section.4.3}{\376\377\000A\000m\000m\000i\000n\000i\000s\000t\000r\000a\000z\000i\000o\000n\000e\000\040\000d\000e\000l\000\040\000t\000a\000s\000k\000\040\000l\000i\000v\000e}{chapter.4}% 19
\BOOKMARK [1][-]{section.4.4}{\376\377\000C\000o\000n\000f\000i\000g\000u\000r\000a\000z\000i\000o\000n\000e\000\040\000d\000e\000l\000\040\000t\000a\000s\000k}{chapter.4}% 20
\BOOKMARK [1][-]{section.4.5}{\376\377\000A\000r\000c\000h\000i\000t\000e\000t\000t\000u\000r\000a\000\040\000d\000e\000l\000\040\000s\000i\000s\000t\000e\000m\000a}{chapter.4}% 21
\BOOKMARK [0][-]{chapter.5}{\376\377\000R\000i\000s\000u\000l\000t\000a\000t\000i}{}% 22
\BOOKMARK [0][-]{chapter.6}{\376\377\000D\000i\000s\000c\000u\000s\000s\000i\000o\000n\000e}{}% 23
\BOOKMARK [0][-]{chapter.7}{\376\377\000L\000i\000m\000i\000t\000a\000z\000i\000o\000n\000i\000\040\000e\000\040\000S\000v\000i\000l\000u\000p\000p\000i\000\040\000F\000u\000t\000u\000r\000i}{}% 24
\BOOKMARK [0][-]{chapter.8}{\376\377\000C\000o\000n\000c\000l\000u\000s\000i\000o\000n\000i}{}% 25
